test_ecmwf_02hr_1p0deg_1species_1emission_bwd.xml
test_ecmwf_02hr_1p0deg_1species_1emission_fwd_bwd.xml
test_ecmwf_02hr_1p0deg_1species_1emission_fwd.xml
test_ecmwf_02hr_1p0deg_grib1-2_1species_1emission_bwd.xml
test_ecmwf_02hr_1p0deg_grib2_1species_1emission_bwd.xml
test_ecmwf_02hr_1p0deg_nestedinput_1species_1emission_nestedoutgrid_fwd_bwd.xml
test_ecmwf_02hr_1p0deg_tinymetgrid_2species_6emission_nestedoutgrid_fwd.xml
test_ecmwf_02hr_1p0deg_tinymetgrid_nestedinput_1species_1emission_fwd.xml
test_ecmwf_06hr_1p0deg_tinymetgrid_1species_1emission_bwd.xml
test_ecmwf_06hr_1p0deg_tinymetgrid_1species_1emission_fwd.xml
test_ecmwf_06hr_1p0deg_tinymetgrid_2species_6emission_fwd_ONLYRUN.xml
test_ecmwf_06hr_1p0deg_tinymetgrid_fpformat_1species_1emission_bwd.xml
test_ecmwf_06hr_1p0deg_tinymetgrid_fpformat_1species_1emission_fwd.xml
test_ecmwf_33hr_1p0deg_tinymetgrid_1species_1emission_bwd.xml
test_ecmwf_33hr_1p0deg_tinymetgrid_1species_1emission_fwd.xml
test_ecmwf_ncep_02hr_1p0deg_1species_1emission_fwd_bwd.xml
test_ncep_02hr_1p0deg_1species_1emission_bwd.xml
test_ncep_02hr_1p0deg_1species_1emission_fwd_bwd.xml
test_ncep_02hr_1p0deg_1species_1emission_fwd.xml
test_ncep_02hr_1p0deg_grib1_1species_1emission_fwd.xml
